npm warn EBADENGINE Unsupported engine {
npm warn EBADENGINE   package: '@earendil-works/pi-ai@0.86.0',
npm warn EBADENGINE   required: { node: '>=22.19.0' },
npm warn EBADENGINE   current: { node: 'v22.16.0', npm: '10.9.2' }
npm warn EBADENGINE }
npm warn EBADENGINE Unsupported engine {
npm warn EBADENGINE   package: '@earendil-works/pi-coding-agent@0.86.0',
npm warn EBADENGINE   required: { node: '>=22.19.0' },
npm warn EBADENGINE   current: { node: 'v22.16.0', npm: '10.9.2' }
npm warn EBADENGINE }
npm warn EBADENGINE Unsupported engine {
npm warn EBADENGINE   package: '@earendil-works/chord@0.86.0',
npm warn EBADENGINE   required: { node: '>=22.19.0' },
npm warn EBADENGINE   current: { node: 'v22.16.0', npm: '10.9.2' }
npm warn EBADENGINE }
npm warn EBADENGINE Unsupported engine {
npm warn EBADENGINE   package: '@earendil-works/pi-agent-core@0.86.0',
npm warn EBADENGINE   required: { node: '>=22.19.0' },
npm warn EBADENGINE   current: { node: 'v22.16.0', npm: '10.9.2' }
npm warn EBADENGINE }
npm warn EBADENGINE Unsupported engine {
npm warn EBADENGINE   package: '@earendil-works/pi-ai@0.86.0',
npm warn EBADENGINE   required: { node: '>=22.19.0' },
npm warn EBADENGINE   current: { node: 'v22.16.0', npm: '10.9.2' }
npm warn EBADENGINE }
npm warn EBADENGINE Unsupported engine {
npm warn EBADENGINE   package: '@earendil-works/pi-telemetry@0.86.0',
npm warn EBADENGINE   required: { node: '>=22.19.0' },
npm warn EBADENGINE   current: { node: 'v22.16.0', npm: '10.9.2' }
npm warn EBADENGINE }
npm warn EBADENGINE Unsupported engine {
npm warn EBADENGINE   package: '@earendil-works/pi-tui@0.86.0',
npm warn EBADENGINE   required: { node: '>=22.19.0' },
npm warn EBADENGINE   current: { node: 'v22.16.0', npm: '10.9.2' }
npm warn EBADENGINE }
npm warn EBADENGINE Unsupported engine {
npm warn EBADENGINE   package: 'undici@8.10.2',
npm warn EBADENGINE   required: { node: '>=22.19.0' },
npm warn EBADENGINE   current: { node: 'v22.16.0', npm: '10.9.2' }
npm warn EBADENGINE }
npm warn EBADENGINE Unsupported engine {
npm warn EBADENGINE   package: '@earendil-works/pi-telemetry@0.86.0',
npm warn EBADENGINE   required: { node: '>=22.19.0' },
npm warn EBADENGINE   current: { node: 'v22.16.0', npm: '10.9.2' }
npm warn EBADENGINE }
npm warn EBADENGINE Unsupported engine {
npm warn EBADENGINE   package: '@earendil-works/pi-tui@0.86.0',
npm warn EBADENGINE   required: { node: '>=22.19.0' },
npm warn EBADENGINE   current: { node: 'v22.16.0', npm: '10.9.2' }
npm warn EBADENGINE }
npm error code EAI_AGAIN
npm error syscall getaddrinfo
npm error errno EAI_AGAIN
npm error request to https://registry.npmmirror.com/@earendil-works/pi-coding-agent/-/pi-coding-agent-0.86.0.tgz failed, reason: getaddrinfo EAI_AGAIN registry.npmmirror.com
npm error A complete log of this run can be found in: /home/oai/.npm/_logs/2026-09-20T11_48_05_365Z-debug-0.log
